{
  "units": [
    {
      "keyspace": "system_auth",
      "tables": [
        "roles",
        "role_permissions",
        "role_members",
        "role_attributes"
      ],
      "all_tables": true
    },
    {
      "keyspace": "system_distributed",
      "tables": [
        "view_build_status",
        "service_levels",
        "cdc_streams_descriptions_v2",
        "cdc_generation_timestamps"
      ],
      "all_tables": true
    },
    {
      "keyspace": "system_distributed_everywhere",
      "tables": [
        "cdc_generation_descriptions_v2"
      ],
      "all_tables": true
    },
    {
      "keyspace": "system_traces",
      "tables": [
        "sessions",
        "sessions_time_idx",
        "events",
        "node_slow_log_time_idx",
        "node_slow_log"
      ],
      "all_tables": true
    },
    {
      "keyspace": "system_schema",
      "tables": [
        "tables",
        "types",
        "view_virtual_columns",
        "views",
        "computed_columns",
        "indexes",
        "functions",
        "triggers",
        "scylla_tables",
        "columns",
        "dropped_columns",
        "aggregates",
        "keyspaces"
      ],
      "all_tables": true
    }
  ],
  "dc": [
    "dc1",
    "dc2"
  ],
  "location": [
    "s3:backuptest-get-target"
  ],
  "retention": 3,
  "retention_days": 0,
  "rate_limit": [
    "1000",
    "dc1:100"
  ],
  "continue": true,
  "manifest_parallelism": 1
}